// Vitest Snapshot v1, https://vitest.dev/guide/snapshot.html

exports[`gen route types 1`] = `
"declare module "safe-routes" {
  type URLSearchParamsInit = string | string[][] | Record<string, string> | URLSearchParams;
  // symbol won't be a key of SearchParams
  type IsSearchParams<T> = symbol extends keyof T ? false : true;

  type ExportedQuery<T> = IsSearchParams<T> extends true ? T : URLSearchParamsInit;

  export interface Routes {
    "/": {
      id: '/',
      params: never,
      query: ExportedQuery<import('../app/root').SearchParams>,
    },
    "/:lang?/about": {
      id: '/:lang?/about',
      params: {lang?: string | number},
      query: ExportedQuery<import('../app/routes/($lang).about').SearchParams>,
    },
    "/admin": {
      id: '/admin',
      params: never,
      query: ExportedQuery<import('../app/routes/admin._index').SearchParams>,
    },
    "/admin/episodes": {
      id: '/admin/episodes',
      params: never,
      query: ExportedQuery<import('../app/routes/admin.episodes._index').SearchParams>,
    },
    "/admin/episodes/:id": {
      id: '/admin/episodes/:id',
      params: {id: string | number},
      query: ExportedQuery<import('../app/routes/admin.episodes.$id._index').SearchParams>,
    },
    "/admin/episodes/:id/comments": {
      id: '/admin/episodes/:id/comments',
      params: {id: string | number},
      query: ExportedQuery<import('../app/routes/admin.episodes.$id.comments').SearchParams>,
    },
    "/admin/episodes/new": {
      id: '/admin/episodes/new',
      params: never,
      query: ExportedQuery<import('../app/routes/admin.episodes.new').SearchParams>,
    },
    "/api/:id.json": {
      id: '/api/:id.json',
      params: {id: string | number},
      query: ExportedQuery<import('../app/routes/api.$id[.]json').SearchParams>,
    },
    "/auth": {
      id: '/auth',
      params: never,
      query: ExportedQuery<import('../app/routes/auth._auth').SearchParams>,
    },
    "/auth/login": {
      id: '/auth/login',
      params: never,
      query: ExportedQuery<import('../app/routes/auth._auth.login').SearchParams>,
    },
    "/blog/rss.xml": {
      id: '/blog/rss.xml',
      params: never,
      query: ExportedQuery<import('../app/routes/blog.rss[.]xml').SearchParams>,
    },
    "/chats/:season/:episode": {
      id: '/chats/:season/:episode',
      params: {season: string | number; episode: string | number},
      query: ExportedQuery<import('../app/routes/chats_.$season.$episode').SearchParams>,
    },
    "/chats/:season/:episode/:slug": {
      id: '/chats/:season/:episode/:slug',
      params: {season: string | number; episode: string | number; slug: string | number},
      query: ExportedQuery<import('../app/routes/chats_.$season.$episode.$slug').SearchParams>,
    },
    "/credits": {
      id: '/credits',
      params: never,
      query: ExportedQuery<import('../app/routes/credits').SearchParams>,
    },
    "/home": {
      id: '/home',
      params: never,
      query: ExportedQuery<import('../app/routes/(static).home').SearchParams>,
    },
    "/jokes": {
      id: '/jokes',
      params: never,
      query: ExportedQuery<import('../app/routes/jokes._index').SearchParams>,
    },
    "/jokes/:jokeId": {
      id: '/jokes/:jokeId',
      params: {jokeId: string | number},
      query: ExportedQuery<import('../app/routes/jokes.$jokeId').SearchParams>,
    },
    "/people/:personId": {
      id: '/people/:personId',
      params: {personId: string | number},
      query: ExportedQuery<import('../app/routes/people.$personId').SearchParams>,
    },
    "/people/:personId/:planId/remove-plan": {
      id: '/people/:personId/:planId/remove-plan',
      params: {personId: string | number; planId: string | number},
      query: ExportedQuery<import('../app/routes/people.$personId.$planId.remove-plan').SearchParams>,
    },
    "/posts": {
      id: '/posts',
      params: never,
      query: ExportedQuery<import('../app/routes/posts._index').SearchParams>,
    },
    "/posts/:id": {
      id: '/posts/:id',
      params: {id: string | number},
      query: ExportedQuery<import('../app/routes/posts.$id').SearchParams>,
    },
    "/posts/*": {
      id: '/posts/*',
      params: {"*": string | number},
      query: ExportedQuery<import('../app/routes/posts.$').SearchParams>,
    },
    "/posts/delete": {
      id: '/posts/delete',
      params: never,
      query: ExportedQuery<import('../app/routes/posts.delete').SearchParams>,
    },
    "/s/:query": {
      id: '/s/:query',
      params: {query: string | number},
      query: ExportedQuery<import('../app/routes/s.$query').SearchParams>,
    },
    "/sign-in/*": {
      id: '/sign-in/*',
      params: {"*": string | number},
      query: ExportedQuery<import('../app/routes/sign-in.$').SearchParams>,
    },
    "/somewhere/cool/*": {
      id: '/somewhere/cool/*',
      params: {"*": string | number},
      query: ExportedQuery<import('../app/catchall').SearchParams>,
    },
    "/static/home": {
      id: '/static/home',
      params: never,
      query: ExportedQuery<import('../app/routes/(static).home').SearchParams>,
    }
  }

  type RoutesWithParams = Pick<
    Routes,
    {
      [K in keyof Routes]: Routes[K]["params"] extends Record<string, never> ? never : K
    }[keyof Routes]
  >;

  export type RouteId = Routes[keyof Routes]['id'];

  export function $path<
    Route extends keyof Routes,
    Rest extends {
      params: Routes[Route]["params"];
      query?: Routes[Route]["query"];
    }
  >(
    ...args: Rest["params"] extends Record<string, never>
      ? [route: Route, query?: Rest["query"]]
      : [route: Route, params: Rest["params"], query?: Rest["query"]]
  ): string;

  export function $params<
    Route extends keyof RoutesWithParams,
    Params extends RoutesWithParams[Route]["params"]
  >(
      route: Route,
      params: { readonly [key: string]: string | undefined }
  ): {[K in keyof Params]: string};

  export function $routeId(routeId: RouteId): RouteId;
}"
`;
